2025-07-28 19:26:14,495 - ERROR - Failed to navigate to page 4: Message: 
Stacktrace:
	GetHandleVerifier [0x0x7ff72e59e935+77845]
	GetHandleVerifier [0x0x7ff72e59e990+77936]
	(No symbol) [0x0x7ff72e359cda]
	(No symbol) [0x0x7ff72e3b06aa]
	(No symbol) [0x0x7ff72e3b095c]
	(No symbol) [0x0x7ff72e403d07]
	(No symbol) [0x0x7ff72e3d890f]
	(No symbol) [0x0x7ff72e400b07]
	(No symbol) [0x0x7ff72e3d86a3]
	(No symbol) [0x0x7ff72e3a1791]
	(No symbol) [0x0x7ff72e3a2523]
	GetHandleVerifier [0x0x7ff72e87684d+3059501]
	GetHandleVerifier [0x0x7ff72e870c0d+3035885]
	GetHandleVerifier [0x0x7ff72e890400+3164896]
	GetHandleVerifier [0x0x7ff72e5b8c3e+185118]
	GetHandleVerifier [0x0x7ff72e5c054f+216111]
	GetHandleVerifier [0x0x7ff72e5a72e4+113092]
	GetHandleVerifier [0x0x7ff72e5a7499+113529]
	GetHandleVerifier [0x0x7ff72e58e298+10616]
	BaseThreadInitThunk [0x0x7ffff6e3e8d7+23]
	RtlUserThreadStart [0x0x7ffff89dc34c+44]

2025-07-28 19:28:27,986 - ERROR - Failed to navigate to page 4: Message: 

2025-07-28 19:29:18,689 - ERROR - Failed to navigate to page 4: Message: 

2025-07-28 19:33:37,644 - ERROR - \u274c Could not reach page 4: Message: 
Stacktrace:
	GetHandleVerifier [0x0x7ff72e59e935+77845]
	GetHandleVerifier [0x0x7ff72e59e990+77936]
	(No symbol) [0x0x7ff72e359cda]
	(No symbol) [0x0x7ff72e3b06aa]
	(No symbol) [0x0x7ff72e3b095c]
	(No symbol) [0x0x7ff72e403d07]
	(No symbol) [0x0x7ff72e3d890f]
	(No symbol) [0x0x7ff72e400b07]
	(No symbol) [0x0x7ff72e3d86a3]
	(No symbol) [0x0x7ff72e3a1791]
	(No symbol) [0x0x7ff72e3a2523]
	GetHandleVerifier [0x0x7ff72e87684d+3059501]
	GetHandleVerifier [0x0x7ff72e870c0d+3035885]
	GetHandleVerifier [0x0x7ff72e890400+3164896]
	GetHandleVerifier [0x0x7ff72e5b8c3e+185118]
	GetHandleVerifier [0x0x7ff72e5c054f+216111]
	GetHandleVerifier [0x0x7ff72e5a72e4+113092]
	GetHandleVerifier [0x0x7ff72e5a7499+113529]
	GetHandleVerifier [0x0x7ff72e58e298+10616]
	BaseThreadInitThunk [0x0x7ffff6e3e8d7+23]
	RtlUserThreadStart [0x0x7ffff89dc34c+44]

2025-07-28 19:35:00,159 - INFO - ====== WebDriver manager ======
2025-07-28 19:35:03,472 - INFO - Get LATEST chromedriver version for google-chrome
2025-07-28 19:35:03,925 - INFO - Get LATEST chromedriver version for google-chrome
2025-07-28 19:35:04,348 - INFO - There is no [win64] chromedriver "138.0.7204.168" for browser google-chrome "138.0.7204" in cache
2025-07-28 19:35:04,348 - INFO - Get LATEST chromedriver version for google-chrome
2025-07-28 19:35:06,027 - INFO - WebDriver version 138.0.7204.168 selected
2025-07-28 19:35:06,031 - INFO - Modern chrome version https://storage.googleapis.com/chrome-for-testing-public/138.0.7204.168/win32/chromedriver-win32.zip
2025-07-28 19:35:06,031 - INFO - About to download new driver from https://storage.googleapis.com/chrome-for-testing-public/138.0.7204.168/win32/chromedriver-win32.zip
2025-07-28 19:35:06,458 - INFO - Driver downloading response is 200
2025-07-28 19:35:15,864 - INFO - Get LATEST chromedriver version for google-chrome
2025-07-28 19:35:17,602 - INFO - Driver has been saved in cache [C:\Users\PCS\.wdm\drivers\chromedriver\win64\138.0.7204.168]
2025-07-28 19:35:33,888 - WARNING - Failed to navigate to page 4: Message: 

2025-07-28 19:35:44,228 - WARNING - Error extracting product on page 4: Message: no such element: Unable to locate element: {"method":"css selector","selector":".product-title"}
  (Session info: chrome=138.0.7204.169); For documentation on this error, please visit: https://www.selenium.dev/documentation/webdriver/troubleshooting/errors#no-such-element-exception
Stacktrace:
	GetHandleVerifier [0x0x1211af3+62339]
	GetHandleVerifier [0x0x1211b34+62404]
	(No symbol) [0x0x1052123]
	(No symbol) [0x0x109a86e]
	(No symbol) [0x0x109ac0b]
	(No symbol) [0x0x1090081]
	(No symbol) [0x0x10bf404]
	(No symbol) [0x0x108ffa4]
	(No symbol) [0x0x10bf634]
	(No symbol) [0x0x10e07a3]
	(No symbol) [0x0x10bf1b6]
	(No symbol) [0x0x108e7a2]
	(No symbol) [0x0x108f644]
	GetHandleVerifier [0x0x1486683+2637587]
	GetHandleVerifier [0x0x1481a8a+2618138]
	GetHandleVerifier [0x0x123856a+220666]
	GetHandleVerifier [0x0x1228998+156200]
	GetHandleVerifier [0x0x122f12d+182717]
	GetHandleVerifier [0x0x1219a38+94920]
	GetHandleVerifier [0x0x1219bc2+95314]
	GetHandleVerifier [0x0x1204d0a+9626]
	BaseThreadInitThunk [0x0x75a35d49+25]
	RtlInitializeExceptionChain [0x0x7767d1ab+107]
	RtlGetAppContainerNamedObjectPath [0x0x7767d131+561]

2025-07-28 19:35:44,237 - WARNING - Error extracting product on page 4: Message: no such element: Unable to locate element: {"method":"css selector","selector":".product-title"}
  (Session info: chrome=138.0.7204.169); For documentation on this error, please visit: https://www.selenium.dev/documentation/webdriver/troubleshooting/errors#no-such-element-exception
Stacktrace:
	GetHandleVerifier [0x0x1211af3+62339]
	GetHandleVerifier [0x0x1211b34+62404]
	(No symbol) [0x0x1052123]
	(No symbol) [0x0x109a86e]
	(No symbol) [0x0x109ac0b]
	(No symbol) [0x0x1090081]
	(No symbol) [0x0x10bf404]
	(No symbol) [0x0x108ffa4]
	(No symbol) [0x0x10bf634]
	(No symbol) [0x0x10e07a3]
	(No symbol) [0x0x10bf1b6]
	(No symbol) [0x0x108e7a2]
	(No symbol) [0x0x108f644]
	GetHandleVerifier [0x0x1486683+2637587]
	GetHandleVerifier [0x0x1481a8a+2618138]
	GetHandleVerifier [0x0x123856a+220666]
	GetHandleVerifier [0x0x1228998+156200]
	GetHandleVerifier [0x0x122f12d+182717]
	GetHandleVerifier [0x0x1219a38+94920]
	GetHandleVerifier [0x0x1219bc2+95314]
	GetHandleVerifier [0x0x1204d0a+9626]
	BaseThreadInitThunk [0x0x75a35d49+25]
	RtlInitializeExceptionChain [0x0x7767d1ab+107]
	RtlGetAppContainerNamedObjectPath [0x0x7767d131+561]

2025-07-28 19:35:44,245 - WARNING - Error extracting product on page 4: Message: no such element: Unable to locate element: {"method":"css selector","selector":".product-title"}
  (Session info: chrome=138.0.7204.169); For documentation on this error, please visit: https://www.selenium.dev/documentation/webdriver/troubleshooting/errors#no-such-element-exception
Stacktrace:
	GetHandleVerifier [0x0x1211af3+62339]
	GetHandleVerifier [0x0x1211b34+62404]
	(No symbol) [0x0x1052123]
	(No symbol) [0x0x109a86e]
	(No symbol) [0x0x109ac0b]
	(No symbol) [0x0x1090081]
	(No symbol) [0x0x10bf404]
	(No symbol) [0x0x108ffa4]
	(No symbol) [0x0x10bf634]
	(No symbol) [0x0x10e07a3]
	(No symbol) [0x0x10bf1b6]
	(No symbol) [0x0x108e7a2]
	(No symbol) [0x0x108f644]
	GetHandleVerifier [0x0x1486683+2637587]
	GetHandleVerifier [0x0x1481a8a+2618138]
	GetHandleVerifier [0x0x123856a+220666]
	GetHandleVerifier [0x0x1228998+156200]
	GetHandleVerifier [0x0x122f12d+182717]
	GetHandleVerifier [0x0x1219a38+94920]
	GetHandleVerifier [0x0x1219bc2+95314]
	GetHandleVerifier [0x0x1204d0a+9626]
	BaseThreadInitThunk [0x0x75a35d49+25]
	RtlInitializeExceptionChain [0x0x7767d1ab+107]
	RtlGetAppContainerNamedObjectPath [0x0x7767d131+561]

2025-07-28 19:35:44,254 - WARNING - Error extracting product on page 4: Message: no such element: Unable to locate element: {"method":"css selector","selector":".product-title"}
  (Session info: chrome=138.0.7204.169); For documentation on this error, please visit: https://www.selenium.dev/documentation/webdriver/troubleshooting/errors#no-such-element-exception
Stacktrace:
	GetHandleVerifier [0x0x1211af3+62339]
	GetHandleVerifier [0x0x1211b34+62404]
	(No symbol) [0x0x1052123]
	(No symbol) [0x0x109a86e]
	(No symbol) [0x0x109ac0b]
	(No symbol) [0x0x1090081]
	(No symbol) [0x0x10bf404]
	(No symbol) [0x0x108ffa4]
	(No symbol) [0x0x10bf634]
	(No symbol) [0x0x10e07a3]
	(No symbol) [0x0x10bf1b6]
	(No symbol) [0x0x108e7a2]
	(No symbol) [0x0x108f644]
	GetHandleVerifier [0x0x1486683+2637587]
	GetHandleVerifier [0x0x1481a8a+2618138]
	GetHandleVerifier [0x0x123856a+220666]
	GetHandleVerifier [0x0x1228998+156200]
	GetHandleVerifier [0x0x122f12d+182717]
	GetHandleVerifier [0x0x1219a38+94920]
	GetHandleVerifier [0x0x1219bc2+95314]
	GetHandleVerifier [0x0x1204d0a+9626]
	BaseThreadInitThunk [0x0x75a35d49+25]
	RtlInitializeExceptionChain [0x0x7767d1ab+107]
	RtlGetAppContainerNamedObjectPath [0x0x7767d131+561]

2025-07-28 19:35:44,261 - WARNING - Error extracting product on page 4: Message: no such element: Unable to locate element: {"method":"css selector","selector":".product-title"}
  (Session info: chrome=138.0.7204.169); For documentation on this error, please visit: https://www.selenium.dev/documentation/webdriver/troubleshooting/errors#no-such-element-exception
Stacktrace:
	GetHandleVerifier [0x0x1211af3+62339]
	GetHandleVerifier [0x0x1211b34+62404]
	(No symbol) [0x0x1052123]
	(No symbol) [0x0x109a86e]
	(No symbol) [0x0x109ac0b]
	(No symbol) [0x0x1090081]
	(No symbol) [0x0x10bf404]
	(No symbol) [0x0x108ffa4]
	(No symbol) [0x0x10bf634]
	(No symbol) [0x0x10e07a3]
	(No symbol) [0x0x10bf1b6]
	(No symbol) [0x0x108e7a2]
	(No symbol) [0x0x108f644]
	GetHandleVerifier [0x0x1486683+2637587]
	GetHandleVerifier [0x0x1481a8a+2618138]
	GetHandleVerifier [0x0x123856a+220666]
	GetHandleVerifier [0x0x1228998+156200]
	GetHandleVerifier [0x0x122f12d+182717]
	GetHandleVerifier [0x0x1219a38+94920]
	GetHandleVerifier [0x0x1219bc2+95314]
	GetHandleVerifier [0x0x1204d0a+9626]
	BaseThreadInitThunk [0x0x75a35d49+25]
	RtlInitializeExceptionChain [0x0x7767d1ab+107]
	RtlGetAppContainerNamedObjectPath [0x0x7767d131+561]

2025-07-28 19:35:44,269 - WARNING - Error extracting product on page 4: Message: no such element: Unable to locate element: {"method":"css selector","selector":".product-title"}
  (Session info: chrome=138.0.7204.169); For documentation on this error, please visit: https://www.selenium.dev/documentation/webdriver/troubleshooting/errors#no-such-element-exception
Stacktrace:
	GetHandleVerifier [0x0x1211af3+62339]
	GetHandleVerifier [0x0x1211b34+62404]
	(No symbol) [0x0x1052123]
	(No symbol) [0x0x109a86e]
	(No symbol) [0x0x109ac0b]
	(No symbol) [0x0x1090081]
	(No symbol) [0x0x10bf404]
	(No symbol) [0x0x108ffa4]
	(No symbol) [0x0x10bf634]
	(No symbol) [0x0x10e07a3]
	(No symbol) [0x0x10bf1b6]
	(No symbol) [0x0x108e7a2]
	(No symbol) [0x0x108f644]
	GetHandleVerifier [0x0x1486683+2637587]
	GetHandleVerifier [0x0x1481a8a+2618138]
	GetHandleVerifier [0x0x123856a+220666]
	GetHandleVerifier [0x0x1228998+156200]
	GetHandleVerifier [0x0x122f12d+182717]
	GetHandleVerifier [0x0x1219a38+94920]
	GetHandleVerifier [0x0x1219bc2+95314]
	GetHandleVerifier [0x0x1204d0a+9626]
	BaseThreadInitThunk [0x0x75a35d49+25]
	RtlInitializeExceptionChain [0x0x7767d1ab+107]
	RtlGetAppContainerNamedObjectPath [0x0x7767d131+561]

2025-07-28 19:35:44,276 - WARNING - Error extracting product on page 4: Message: no such element: Unable to locate element: {"method":"css selector","selector":".product-title"}
  (Session info: chrome=138.0.7204.169); For documentation on this error, please visit: https://www.selenium.dev/documentation/webdriver/troubleshooting/errors#no-such-element-exception
Stacktrace:
	GetHandleVerifier [0x0x1211af3+62339]
	GetHandleVerifier [0x0x1211b34+62404]
	(No symbol) [0x0x1052123]
	(No symbol) [0x0x109a86e]
	(No symbol) [0x0x109ac0b]
	(No symbol) [0x0x1090081]
	(No symbol) [0x0x10bf404]
	(No symbol) [0x0x108ffa4]
	(No symbol) [0x0x10bf634]
	(No symbol) [0x0x10e07a3]
	(No symbol) [0x0x10bf1b6]
	(No symbol) [0x0x108e7a2]
	(No symbol) [0x0x108f644]
	GetHandleVerifier [0x0x1486683+2637587]
	GetHandleVerifier [0x0x1481a8a+2618138]
	GetHandleVerifier [0x0x123856a+220666]
	GetHandleVerifier [0x0x1228998+156200]
	GetHandleVerifier [0x0x122f12d+182717]
	GetHandleVerifier [0x0x1219a38+94920]
	GetHandleVerifier [0x0x1219bc2+95314]
	GetHandleVerifier [0x0x1204d0a+9626]
	BaseThreadInitThunk [0x0x75a35d49+25]
	RtlInitializeExceptionChain [0x0x7767d1ab+107]
	RtlGetAppContainerNamedObjectPath [0x0x7767d131+561]

2025-07-28 19:35:44,283 - WARNING - Error extracting product on page 4: Message: no such element: Unable to locate element: {"method":"css selector","selector":".product-title"}
  (Session info: chrome=138.0.7204.169); For documentation on this error, please visit: https://www.selenium.dev/documentation/webdriver/troubleshooting/errors#no-such-element-exception
Stacktrace:
	GetHandleVerifier [0x0x1211af3+62339]
	GetHandleVerifier [0x0x1211b34+62404]
	(No symbol) [0x0x1052123]
	(No symbol) [0x0x109a86e]
	(No symbol) [0x0x109ac0b]
	(No symbol) [0x0x1090081]
	(No symbol) [0x0x10bf404]
	(No symbol) [0x0x108ffa4]
	(No symbol) [0x0x10bf634]
	(No symbol) [0x0x10e07a3]
	(No symbol) [0x0x10bf1b6]
	(No symbol) [0x0x108e7a2]
	(No symbol) [0x0x108f644]
	GetHandleVerifier [0x0x1486683+2637587]
	GetHandleVerifier [0x0x1481a8a+2618138]
	GetHandleVerifier [0x0x123856a+220666]
	GetHandleVerifier [0x0x1228998+156200]
	GetHandleVerifier [0x0x122f12d+182717]
	GetHandleVerifier [0x0x1219a38+94920]
	GetHandleVerifier [0x0x1219bc2+95314]
	GetHandleVerifier [0x0x1204d0a+9626]
	BaseThreadInitThunk [0x0x75a35d49+25]
	RtlInitializeExceptionChain [0x0x7767d1ab+107]
	RtlGetAppContainerNamedObjectPath [0x0x7767d131+561]

2025-07-28 19:35:44,290 - WARNING - Error extracting product on page 4: Message: no such element: Unable to locate element: {"method":"css selector","selector":".product-title"}
  (Session info: chrome=138.0.7204.169); For documentation on this error, please visit: https://www.selenium.dev/documentation/webdriver/troubleshooting/errors#no-such-element-exception
Stacktrace:
	GetHandleVerifier [0x0x1211af3+62339]
	GetHandleVerifier [0x0x1211b34+62404]
	(No symbol) [0x0x1052123]
	(No symbol) [0x0x109a86e]
	(No symbol) [0x0x109ac0b]
	(No symbol) [0x0x1090081]
	(No symbol) [0x0x10bf404]
	(No symbol) [0x0x108ffa4]
	(No symbol) [0x0x10bf634]
	(No symbol) [0x0x10e07a3]
	(No symbol) [0x0x10bf1b6]
	(No symbol) [0x0x108e7a2]
	(No symbol) [0x0x108f644]
	GetHandleVerifier [0x0x1486683+2637587]
	GetHandleVerifier [0x0x1481a8a+2618138]
	GetHandleVerifier [0x0x123856a+220666]
	GetHandleVerifier [0x0x1228998+156200]
	GetHandleVerifier [0x0x122f12d+182717]
	GetHandleVerifier [0x0x1219a38+94920]
	GetHandleVerifier [0x0x1219bc2+95314]
	GetHandleVerifier [0x0x1204d0a+9626]
	BaseThreadInitThunk [0x0x75a35d49+25]
	RtlInitializeExceptionChain [0x0x7767d1ab+107]
	RtlGetAppContainerNamedObjectPath [0x0x7767d131+561]

2025-07-28 19:35:44,297 - WARNING - Error extracting product on page 4: Message: no such element: Unable to locate element: {"method":"css selector","selector":".product-title"}
  (Session info: chrome=138.0.7204.169); For documentation on this error, please visit: https://www.selenium.dev/documentation/webdriver/troubleshooting/errors#no-such-element-exception
Stacktrace:
	GetHandleVerifier [0x0x1211af3+62339]
	GetHandleVerifier [0x0x1211b34+62404]
	(No symbol) [0x0x1052123]
	(No symbol) [0x0x109a86e]
	(No symbol) [0x0x109ac0b]
	(No symbol) [0x0x1090081]
	(No symbol) [0x0x10bf404]
	(No symbol) [0x0x108ffa4]
	(No symbol) [0x0x10bf634]
	(No symbol) [0x0x10e07a3]
	(No symbol) [0x0x10bf1b6]
	(No symbol) [0x0x108e7a2]
	(No symbol) [0x0x108f644]
	GetHandleVerifier [0x0x1486683+2637587]
	GetHandleVerifier [0x0x1481a8a+2618138]
	GetHandleVerifier [0x0x123856a+220666]
	GetHandleVerifier [0x0x1228998+156200]
	GetHandleVerifier [0x0x122f12d+182717]
	GetHandleVerifier [0x0x1219a38+94920]
	GetHandleVerifier [0x0x1219bc2+95314]
	GetHandleVerifier [0x0x1204d0a+9626]
	BaseThreadInitThunk [0x0x75a35d49+25]
	RtlInitializeExceptionChain [0x0x7767d1ab+107]
	RtlGetAppContainerNamedObjectPath [0x0x7767d131+561]

2025-07-28 19:35:44,305 - WARNING - Error extracting product on page 4: Message: no such element: Unable to locate element: {"method":"css selector","selector":".product-title"}
  (Session info: chrome=138.0.7204.169); For documentation on this error, please visit: https://www.selenium.dev/documentation/webdriver/troubleshooting/errors#no-such-element-exception
Stacktrace:
	GetHandleVerifier [0x0x1211af3+62339]
	GetHandleVerifier [0x0x1211b34+62404]
	(No symbol) [0x0x1052123]
	(No symbol) [0x0x109a86e]
	(No symbol) [0x0x109ac0b]
	(No symbol) [0x0x1090081]
	(No symbol) [0x0x10bf404]
	(No symbol) [0x0x108ffa4]
	(No symbol) [0x0x10bf634]
	(No symbol) [0x0x10e07a3]
	(No symbol) [0x0x10bf1b6]
	(No symbol) [0x0x108e7a2]
	(No symbol) [0x0x108f644]
	GetHandleVerifier [0x0x1486683+2637587]
	GetHandleVerifier [0x0x1481a8a+2618138]
	GetHandleVerifier [0x0x123856a+220666]
	GetHandleVerifier [0x0x1228998+156200]
	GetHandleVerifier [0x0x122f12d+182717]
	GetHandleVerifier [0x0x1219a38+94920]
	GetHandleVerifier [0x0x1219bc2+95314]
	GetHandleVerifier [0x0x1204d0a+9626]
	BaseThreadInitThunk [0x0x75a35d49+25]
	RtlInitializeExceptionChain [0x0x7767d1ab+107]
	RtlGetAppContainerNamedObjectPath [0x0x7767d131+561]

2025-07-28 19:35:44,313 - WARNING - Error extracting product on page 4: Message: no such element: Unable to locate element: {"method":"css selector","selector":".product-title"}
  (Session info: chrome=138.0.7204.169); For documentation on this error, please visit: https://www.selenium.dev/documentation/webdriver/troubleshooting/errors#no-such-element-exception
Stacktrace:
	GetHandleVerifier [0x0x1211af3+62339]
	GetHandleVerifier [0x0x1211b34+62404]
	(No symbol) [0x0x1052123]
	(No symbol) [0x0x109a86e]
	(No symbol) [0x0x109ac0b]
	(No symbol) [0x0x1090081]
	(No symbol) [0x0x10bf404]
	(No symbol) [0x0x108ffa4]
	(No symbol) [0x0x10bf634]
	(No symbol) [0x0x10e07a3]
	(No symbol) [0x0x10bf1b6]
	(No symbol) [0x0x108e7a2]
	(No symbol) [0x0x108f644]
	GetHandleVerifier [0x0x1486683+2637587]
	GetHandleVerifier [0x0x1481a8a+2618138]
	GetHandleVerifier [0x0x123856a+220666]
	GetHandleVerifier [0x0x1228998+156200]
	GetHandleVerifier [0x0x122f12d+182717]
	GetHandleVerifier [0x0x1219a38+94920]
	GetHandleVerifier [0x0x1219bc2+95314]
	GetHandleVerifier [0x0x1204d0a+9626]
	BaseThreadInitThunk [0x0x75a35d49+25]
	RtlInitializeExceptionChain [0x0x7767d1ab+107]
	RtlGetAppContainerNamedObjectPath [0x0x7767d131+561]

2025-07-28 19:35:44,321 - WARNING - Error extracting product on page 4: Message: no such element: Unable to locate element: {"method":"css selector","selector":".product-title"}
  (Session info: chrome=138.0.7204.169); For documentation on this error, please visit: https://www.selenium.dev/documentation/webdriver/troubleshooting/errors#no-such-element-exception
Stacktrace:
	GetHandleVerifier [0x0x1211af3+62339]
	GetHandleVerifier [0x0x1211b34+62404]
	(No symbol) [0x0x1052123]
	(No symbol) [0x0x109a86e]
	(No symbol) [0x0x109ac0b]
	(No symbol) [0x0x1090081]
	(No symbol) [0x0x10bf404]
	(No symbol) [0x0x108ffa4]
	(No symbol) [0x0x10bf634]
	(No symbol) [0x0x10e07a3]
	(No symbol) [0x0x10bf1b6]
	(No symbol) [0x0x108e7a2]
	(No symbol) [0x0x108f644]
	GetHandleVerifier [0x0x1486683+2637587]
	GetHandleVerifier [0x0x1481a8a+2618138]
	GetHandleVerifier [0x0x123856a+220666]
	GetHandleVerifier [0x0x1228998+156200]
	GetHandleVerifier [0x0x122f12d+182717]
	GetHandleVerifier [0x0x1219a38+94920]
	GetHandleVerifier [0x0x1219bc2+95314]
	GetHandleVerifier [0x0x1204d0a+9626]
	BaseThreadInitThunk [0x0x75a35d49+25]
	RtlInitializeExceptionChain [0x0x7767d1ab+107]
	RtlGetAppContainerNamedObjectPath [0x0x7767d131+561]

2025-07-28 19:35:44,329 - WARNING - Error extracting product on page 4: Message: no such element: Unable to locate element: {"method":"css selector","selector":".product-title"}
  (Session info: chrome=138.0.7204.169); For documentation on this error, please visit: https://www.selenium.dev/documentation/webdriver/troubleshooting/errors#no-such-element-exception
Stacktrace:
	GetHandleVerifier [0x0x1211af3+62339]
	GetHandleVerifier [0x0x1211b34+62404]
	(No symbol) [0x0x1052123]
	(No symbol) [0x0x109a86e]
	(No symbol) [0x0x109ac0b]
	(No symbol) [0x0x1090081]
	(No symbol) [0x0x10bf404]
	(No symbol) [0x0x108ffa4]
	(No symbol) [0x0x10bf634]
	(No symbol) [0x0x10e07a3]
	(No symbol) [0x0x10bf1b6]
	(No symbol) [0x0x108e7a2]
	(No symbol) [0x0x108f644]
	GetHandleVerifier [0x0x1486683+2637587]
	GetHandleVerifier [0x0x1481a8a+2618138]
	GetHandleVerifier [0x0x123856a+220666]
	GetHandleVerifier [0x0x1228998+156200]
	GetHandleVerifier [0x0x122f12d+182717]
	GetHandleVerifier [0x0x1219a38+94920]
	GetHandleVerifier [0x0x1219bc2+95314]
	GetHandleVerifier [0x0x1204d0a+9626]
	BaseThreadInitThunk [0x0x75a35d49+25]
	RtlInitializeExceptionChain [0x0x7767d1ab+107]
	RtlGetAppContainerNamedObjectPath [0x0x7767d131+561]

2025-07-28 19:35:44,337 - WARNING - Error extracting product on page 4: Message: no such element: Unable to locate element: {"method":"css selector","selector":".product-title"}
  (Session info: chrome=138.0.7204.169); For documentation on this error, please visit: https://www.selenium.dev/documentation/webdriver/troubleshooting/errors#no-such-element-exception
Stacktrace:
	GetHandleVerifier [0x0x1211af3+62339]
	GetHandleVerifier [0x0x1211b34+62404]
	(No symbol) [0x0x1052123]
	(No symbol) [0x0x109a86e]
	(No symbol) [0x0x109ac0b]
	(No symbol) [0x0x1090081]
	(No symbol) [0x0x10bf404]
	(No symbol) [0x0x108ffa4]
	(No symbol) [0x0x10bf634]
	(No symbol) [0x0x10e07a3]
	(No symbol) [0x0x10bf1b6]
	(No symbol) [0x0x108e7a2]
	(No symbol) [0x0x108f644]
	GetHandleVerifier [0x0x1486683+2637587]
	GetHandleVerifier [0x0x1481a8a+2618138]
	GetHandleVerifier [0x0x123856a+220666]
	GetHandleVerifier [0x0x1228998+156200]
	GetHandleVerifier [0x0x122f12d+182717]
	GetHandleVerifier [0x0x1219a38+94920]
	GetHandleVerifier [0x0x1219bc2+95314]
	GetHandleVerifier [0x0x1204d0a+9626]
	BaseThreadInitThunk [0x0x75a35d49+25]
	RtlInitializeExceptionChain [0x0x7767d1ab+107]
	RtlGetAppContainerNamedObjectPath [0x0x7767d131+561]

2025-07-28 19:35:44,344 - WARNING - Error extracting product on page 4: Message: no such element: Unable to locate element: {"method":"css selector","selector":".product-title"}
  (Session info: chrome=138.0.7204.169); For documentation on this error, please visit: https://www.selenium.dev/documentation/webdriver/troubleshooting/errors#no-such-element-exception
Stacktrace:
	GetHandleVerifier [0x0x1211af3+62339]
	GetHandleVerifier [0x0x1211b34+62404]
	(No symbol) [0x0x1052123]
	(No symbol) [0x0x109a86e]
	(No symbol) [0x0x109ac0b]
	(No symbol) [0x0x1090081]
	(No symbol) [0x0x10bf404]
	(No symbol) [0x0x108ffa4]
	(No symbol) [0x0x10bf634]
	(No symbol) [0x0x10e07a3]
	(No symbol) [0x0x10bf1b6]
	(No symbol) [0x0x108e7a2]
	(No symbol) [0x0x108f644]
	GetHandleVerifier [0x0x1486683+2637587]
	GetHandleVerifier [0x0x1481a8a+2618138]
	GetHandleVerifier [0x0x123856a+220666]
	GetHandleVerifier [0x0x1228998+156200]
	GetHandleVerifier [0x0x122f12d+182717]
	GetHandleVerifier [0x0x1219a38+94920]
	GetHandleVerifier [0x0x1219bc2+95314]
	GetHandleVerifier [0x0x1204d0a+9626]
	BaseThreadInitThunk [0x0x75a35d49+25]
	RtlInitializeExceptionChain [0x0x7767d1ab+107]
	RtlGetAppContainerNamedObjectPath [0x0x7767d131+561]

2025-07-28 19:35:44,351 - WARNING - Error extracting product on page 4: Message: no such element: Unable to locate element: {"method":"css selector","selector":".product-title"}
  (Session info: chrome=138.0.7204.169); For documentation on this error, please visit: https://www.selenium.dev/documentation/webdriver/troubleshooting/errors#no-such-element-exception
Stacktrace:
	GetHandleVerifier [0x0x1211af3+62339]
	GetHandleVerifier [0x0x1211b34+62404]
	(No symbol) [0x0x1052123]
	(No symbol) [0x0x109a86e]
	(No symbol) [0x0x109ac0b]
	(No symbol) [0x0x1090081]
	(No symbol) [0x0x10bf404]
	(No symbol) [0x0x108ffa4]
	(No symbol) [0x0x10bf634]
	(No symbol) [0x0x10e07a3]
	(No symbol) [0x0x10bf1b6]
	(No symbol) [0x0x108e7a2]
	(No symbol) [0x0x108f644]
	GetHandleVerifier [0x0x1486683+2637587]
	GetHandleVerifier [0x0x1481a8a+2618138]
	GetHandleVerifier [0x0x123856a+220666]
	GetHandleVerifier [0x0x1228998+156200]
	GetHandleVerifier [0x0x122f12d+182717]
	GetHandleVerifier [0x0x1219a38+94920]
	GetHandleVerifier [0x0x1219bc2+95314]
	GetHandleVerifier [0x0x1204d0a+9626]
	BaseThreadInitThunk [0x0x75a35d49+25]
	RtlInitializeExceptionChain [0x0x7767d1ab+107]
	RtlGetAppContainerNamedObjectPath [0x0x7767d131+561]

2025-07-28 19:35:44,358 - WARNING - Error extracting product on page 4: Message: no such element: Unable to locate element: {"method":"css selector","selector":".product-title"}
  (Session info: chrome=138.0.7204.169); For documentation on this error, please visit: https://www.selenium.dev/documentation/webdriver/troubleshooting/errors#no-such-element-exception
Stacktrace:
	GetHandleVerifier [0x0x1211af3+62339]
	GetHandleVerifier [0x0x1211b34+62404]
	(No symbol) [0x0x1052123]
	(No symbol) [0x0x109a86e]
	(No symbol) [0x0x109ac0b]
	(No symbol) [0x0x1090081]
	(No symbol) [0x0x10bf404]
	(No symbol) [0x0x108ffa4]
	(No symbol) [0x0x10bf634]
	(No symbol) [0x0x10e07a3]
	(No symbol) [0x0x10bf1b6]
	(No symbol) [0x0x108e7a2]
	(No symbol) [0x0x108f644]
	GetHandleVerifier [0x0x1486683+2637587]
	GetHandleVerifier [0x0x1481a8a+2618138]
	GetHandleVerifier [0x0x123856a+220666]
	GetHandleVerifier [0x0x1228998+156200]
	GetHandleVerifier [0x0x122f12d+182717]
	GetHandleVerifier [0x0x1219a38+94920]
	GetHandleVerifier [0x0x1219bc2+95314]
	GetHandleVerifier [0x0x1204d0a+9626]
	BaseThreadInitThunk [0x0x75a35d49+25]
	RtlInitializeExceptionChain [0x0x7767d1ab+107]
	RtlGetAppContainerNamedObjectPath [0x0x7767d131+561]

2025-07-28 19:35:44,365 - WARNING - Error extracting product on page 4: Message: no such element: Unable to locate element: {"method":"css selector","selector":".product-title"}
  (Session info: chrome=138.0.7204.169); For documentation on this error, please visit: https://www.selenium.dev/documentation/webdriver/troubleshooting/errors#no-such-element-exception
Stacktrace:
	GetHandleVerifier [0x0x1211af3+62339]
	GetHandleVerifier [0x0x1211b34+62404]
	(No symbol) [0x0x1052123]
	(No symbol) [0x0x109a86e]
	(No symbol) [0x0x109ac0b]
	(No symbol) [0x0x1090081]
	(No symbol) [0x0x10bf404]
	(No symbol) [0x0x108ffa4]
	(No symbol) [0x0x10bf634]
	(No symbol) [0x0x10e07a3]
	(No symbol) [0x0x10bf1b6]
	(No symbol) [0x0x108e7a2]
	(No symbol) [0x0x108f644]
	GetHandleVerifier [0x0x1486683+2637587]
	GetHandleVerifier [0x0x1481a8a+2618138]
	GetHandleVerifier [0x0x123856a+220666]
	GetHandleVerifier [0x0x1228998+156200]
	GetHandleVerifier [0x0x122f12d+182717]
	GetHandleVerifier [0x0x1219a38+94920]
	GetHandleVerifier [0x0x1219bc2+95314]
	GetHandleVerifier [0x0x1204d0a+9626]
	BaseThreadInitThunk [0x0x75a35d49+25]
	RtlInitializeExceptionChain [0x0x7767d1ab+107]
	RtlGetAppContainerNamedObjectPath [0x0x7767d131+561]

2025-07-28 19:35:44,371 - WARNING - Error extracting product on page 4: Message: no such element: Unable to locate element: {"method":"css selector","selector":".product-title"}
  (Session info: chrome=138.0.7204.169); For documentation on this error, please visit: https://www.selenium.dev/documentation/webdriver/troubleshooting/errors#no-such-element-exception
Stacktrace:
	GetHandleVerifier [0x0x1211af3+62339]
	GetHandleVerifier [0x0x1211b34+62404]
	(No symbol) [0x0x1052123]
	(No symbol) [0x0x109a86e]
	(No symbol) [0x0x109ac0b]
	(No symbol) [0x0x1090081]
	(No symbol) [0x0x10bf404]
	(No symbol) [0x0x108ffa4]
	(No symbol) [0x0x10bf634]
	(No symbol) [0x0x10e07a3]
	(No symbol) [0x0x10bf1b6]
	(No symbol) [0x0x108e7a2]
	(No symbol) [0x0x108f644]
	GetHandleVerifier [0x0x1486683+2637587]
	GetHandleVerifier [0x0x1481a8a+2618138]
	GetHandleVerifier [0x0x123856a+220666]
	GetHandleVerifier [0x0x1228998+156200]
	GetHandleVerifier [0x0x122f12d+182717]
	GetHandleVerifier [0x0x1219a38+94920]
	GetHandleVerifier [0x0x1219bc2+95314]
	GetHandleVerifier [0x0x1204d0a+9626]
	BaseThreadInitThunk [0x0x75a35d49+25]
	RtlInitializeExceptionChain [0x0x7767d1ab+107]
	RtlGetAppContainerNamedObjectPath [0x0x7767d131+561]

2025-07-28 19:35:44,377 - WARNING - Error extracting product on page 4: Message: no such element: Unable to locate element: {"method":"css selector","selector":".product-title"}
  (Session info: chrome=138.0.7204.169); For documentation on this error, please visit: https://www.selenium.dev/documentation/webdriver/troubleshooting/errors#no-such-element-exception
Stacktrace:
	GetHandleVerifier [0x0x1211af3+62339]
	GetHandleVerifier [0x0x1211b34+62404]
	(No symbol) [0x0x1052123]
	(No symbol) [0x0x109a86e]
	(No symbol) [0x0x109ac0b]
	(No symbol) [0x0x1090081]
	(No symbol) [0x0x10bf404]
	(No symbol) [0x0x108ffa4]
	(No symbol) [0x0x10bf634]
	(No symbol) [0x0x10e07a3]
	(No symbol) [0x0x10bf1b6]
	(No symbol) [0x0x108e7a2]
	(No symbol) [0x0x108f644]
	GetHandleVerifier [0x0x1486683+2637587]
	GetHandleVerifier [0x0x1481a8a+2618138]
	GetHandleVerifier [0x0x123856a+220666]
	GetHandleVerifier [0x0x1228998+156200]
	GetHandleVerifier [0x0x122f12d+182717]
	GetHandleVerifier [0x0x1219a38+94920]
	GetHandleVerifier [0x0x1219bc2+95314]
	GetHandleVerifier [0x0x1204d0a+9626]
	BaseThreadInitThunk [0x0x75a35d49+25]
	RtlInitializeExceptionChain [0x0x7767d1ab+107]
	RtlGetAppContainerNamedObjectPath [0x0x7767d131+561]

2025-07-28 19:35:44,384 - WARNING - Error extracting product on page 4: Message: no such element: Unable to locate element: {"method":"css selector","selector":".product-title"}
  (Session info: chrome=138.0.7204.169); For documentation on this error, please visit: https://www.selenium.dev/documentation/webdriver/troubleshooting/errors#no-such-element-exception
Stacktrace:
	GetHandleVerifier [0x0x1211af3+62339]
	GetHandleVerifier [0x0x1211b34+62404]
	(No symbol) [0x0x1052123]
	(No symbol) [0x0x109a86e]
	(No symbol) [0x0x109ac0b]
	(No symbol) [0x0x1090081]
	(No symbol) [0x0x10bf404]
	(No symbol) [0x0x108ffa4]
	(No symbol) [0x0x10bf634]
	(No symbol) [0x0x10e07a3]
	(No symbol) [0x0x10bf1b6]
	(No symbol) [0x0x108e7a2]
	(No symbol) [0x0x108f644]
	GetHandleVerifier [0x0x1486683+2637587]
	GetHandleVerifier [0x0x1481a8a+2618138]
	GetHandleVerifier [0x0x123856a+220666]
	GetHandleVerifier [0x0x1228998+156200]
	GetHandleVerifier [0x0x122f12d+182717]
	GetHandleVerifier [0x0x1219a38+94920]
	GetHandleVerifier [0x0x1219bc2+95314]
	GetHandleVerifier [0x0x1204d0a+9626]
	BaseThreadInitThunk [0x0x75a35d49+25]
	RtlInitializeExceptionChain [0x0x7767d1ab+107]
	RtlGetAppContainerNamedObjectPath [0x0x7767d131+561]

2025-07-28 19:35:44,390 - WARNING - Error extracting product on page 4: Message: no such element: Unable to locate element: {"method":"css selector","selector":".product-title"}
  (Session info: chrome=138.0.7204.169); For documentation on this error, please visit: https://www.selenium.dev/documentation/webdriver/troubleshooting/errors#no-such-element-exception
Stacktrace:
	GetHandleVerifier [0x0x1211af3+62339]
	GetHandleVerifier [0x0x1211b34+62404]
	(No symbol) [0x0x1052123]
	(No symbol) [0x0x109a86e]
	(No symbol) [0x0x109ac0b]
	(No symbol) [0x0x1090081]
	(No symbol) [0x0x10bf404]
	(No symbol) [0x0x108ffa4]
	(No symbol) [0x0x10bf634]
	(No symbol) [0x0x10e07a3]
	(No symbol) [0x0x10bf1b6]
	(No symbol) [0x0x108e7a2]
	(No symbol) [0x0x108f644]
	GetHandleVerifier [0x0x1486683+2637587]
	GetHandleVerifier [0x0x1481a8a+2618138]
	GetHandleVerifier [0x0x123856a+220666]
	GetHandleVerifier [0x0x1228998+156200]
	GetHandleVerifier [0x0x122f12d+182717]
	GetHandleVerifier [0x0x1219a38+94920]
	GetHandleVerifier [0x0x1219bc2+95314]
	GetHandleVerifier [0x0x1204d0a+9626]
	BaseThreadInitThunk [0x0x75a35d49+25]
	RtlInitializeExceptionChain [0x0x7767d1ab+107]
	RtlGetAppContainerNamedObjectPath [0x0x7767d131+561]

2025-07-28 19:35:44,398 - WARNING - Error extracting product on page 4: Message: no such element: Unable to locate element: {"method":"css selector","selector":".product-title"}
  (Session info: chrome=138.0.7204.169); For documentation on this error, please visit: https://www.selenium.dev/documentation/webdriver/troubleshooting/errors#no-such-element-exception
Stacktrace:
	GetHandleVerifier [0x0x1211af3+62339]
	GetHandleVerifier [0x0x1211b34+62404]
	(No symbol) [0x0x1052123]
	(No symbol) [0x0x109a86e]
	(No symbol) [0x0x109ac0b]
	(No symbol) [0x0x1090081]
	(No symbol) [0x0x10bf404]
	(No symbol) [0x0x108ffa4]
	(No symbol) [0x0x10bf634]
	(No symbol) [0x0x10e07a3]
	(No symbol) [0x0x10bf1b6]
	(No symbol) [0x0x108e7a2]
	(No symbol) [0x0x108f644]
	GetHandleVerifier [0x0x1486683+2637587]
	GetHandleVerifier [0x0x1481a8a+2618138]
	GetHandleVerifier [0x0x123856a+220666]
	GetHandleVerifier [0x0x1228998+156200]
	GetHandleVerifier [0x0x122f12d+182717]
	GetHandleVerifier [0x0x1219a38+94920]
	GetHandleVerifier [0x0x1219bc2+95314]
	GetHandleVerifier [0x0x1204d0a+9626]
	BaseThreadInitThunk [0x0x75a35d49+25]
	RtlInitializeExceptionChain [0x0x7767d1ab+107]
	RtlGetAppContainerNamedObjectPath [0x0x7767d131+561]

2025-07-28 19:35:54,852 - INFO - No next button found on page 4: Message: 

